replay of C24-rsft2e5 through h4-formulas at 2026-09-05T23:27:42.264740+00:00
105-24   ok
388-47   ok
343-20   ok
236-22   ok
192-22   ok
254-34   error: no salvageable cell entries in reply
38703    ok
177-6    ok
250-20   ok
30930    ok
290-27   ok (salvaged)
486-17   ok
31915    ok
1925     ok
54590    ok
524-31   ok
51680    ok
37554    ok
32438    ok
37229    ok
49667    ok (salvaged)
51090    error: no salvageable cell entries in reply
50193    error: no salvageable cell entries in reply
35739    ok
rewritten ok=21 (salvaged=2) error=3
