model tinker://4853e45b-bb03-50a5-b8de-9dc45de41ef3:train:0/sampler_weights/final  tasks 24
105-24   ok
343-20   ok
388-47   ok
250-20   ok
177-6    ok
192-22   ok
38703    error: 'MergedCell' object attribute 'value' is read-only
30930    ok
236-22   ok
290-27   error: Expecting value: line 1 column 41 (char 40)
254-34   error: no JSON object in reply: "We need answer user's request. Need compute final values answer range: Before!C2. Need put one valid combination numeric"
486-17   ok
31915    ok
54590    ok
524-31   ok
1925     ok
37229    ok
37554    ok
51680    ok
49667    error: no JSON object in reply: "We need answer user's request. Need compute final values for B2:E16 after applying instruction. Need output JSON only. N"
50193    error: Extra data: line 1 column 28 (char 27)
35739    ok
51090    error: Expecting property name enclosed in double quotes: line 1 column 2 (char 1)
32438    ok
Warning: You are sending unauthenticated requests to the HF Hub. Please set a HF_TOKEN to enable higher rate limits and faster downloads.
model tinker://4853e45b-bb03-50a5-b8de-9dc45de41ef3:train:0/sampler_weights/final  tasks 24
105-24   ok
343-20   ok
388-47   ok
250-20   ok
177-6    ok
192-22   ok
38703    error: 'MergedCell' object attribute 'value' is read-only
30930    ok
236-22   ok
290-27   error: Expecting value: line 1 column 41 (char 40)
254-34   error: no JSON object in reply: "We need answer user's request. Need compute final values answer range: Before!C2. Need put one valid combination numeric"
486-17   ok
31915    ok
54590    ok
524-31   ok
1925     ok
37229    ok
37554    ok
51680    ok
49667    error: no JSON object in reply: "We need answer user's request. Need compute final values for B2:E16 after applying instruction. Need output JSON only. N"
50193    error: Extra data: line 1 column 28 (char 27)
35739    ok
51090    error: Expecting property name enclosed in double quotes: line 1 column 2 (char 1)
32438    ok
Task was destroyed but it is pending!
task: <Task pending name='tinker_session_futures_poller' coro=<SessionFuturesPoller._poll_loop() running at /Users/andriimain/Desktop/Andrii_Ylookup_Hackathon/encode-hackathon/research/.venv/lib/python3.13/site-packages/tinker/lib/session_futures_poller.py:132> wait_for=<Future pending cb=[Task.task_wakeup()]>>
