model tinker://7ebf1c7e-594f-5c59-89d3-9192eac80395:train:0/sampler_weights/final  tasks 24
105-24   ok
250-20   ok
192-22   ok
177-6    ok
236-22   ok
388-47   ok
30930    ok
343-20   ok
290-27   error: no JSON object in reply: "We need answer user's request. Need compute final values for answer range A14:I137 after instruction applied. Need retur"
254-34   error: no JSON object in reply: 'We need answer JSON only. Need solve. User asks: spreadsheet with Before and After sheets, values in A1:A16. Some values'
38703    error: 'MergedCell' object attribute 'value' is read-only
486-17   ok
524-31   error: Expecting value: line 1 column 36 (char 35)
1925     ok
51090    error: Expecting property name enclosed in double quotes: line 1 column 2 (char 1)
54590    ok
49667    error: no JSON object in reply: "We need answer user's request. Need compute final values for B2:E16 after applying instruction. Need output JSON only. N"
50193    error: Expecting value: line 1 column 39 (char 38)
31915    ok
37554    ok
51680    ok
37229    ok
32438    ok
35739    ok
Warning: You are sending unauthenticated requests to the HF Hub. Please set a HF_TOKEN to enable higher rate limits and faster downloads.
model tinker://7ebf1c7e-594f-5c59-89d3-9192eac80395:train:0/sampler_weights/final  tasks 24
105-24   ok
250-20   ok
192-22   ok
177-6    ok
236-22   ok
388-47   ok
30930    ok
343-20   ok
290-27   error: no JSON object in reply: "We need answer user's request. Need compute final values for answer range A14:I137 after instruction applied. Need retur"
254-34   error: no JSON object in reply: 'We need answer JSON only. Need solve. User asks: spreadsheet with Before and After sheets, values in A1:A16. Some values'
38703    error: 'MergedCell' object attribute 'value' is read-only
486-17   ok
524-31   error: Expecting value: line 1 column 36 (char 35)
1925     ok
51090    error: Expecting property name enclosed in double quotes: line 1 column 2 (char 1)
54590    ok
49667    error: no JSON object in reply: "We need answer user's request. Need compute final values for B2:E16 after applying instruction. Need output JSON only. N"
50193    error: Expecting value: line 1 column 39 (char 38)
31915    ok
37554    ok
51680    ok
37229    ok
32438    ok
35739    ok
Task was destroyed but it is pending!
task: <Task pending name='tinker_session_futures_poller' coro=<SessionFuturesPoller._poll_loop() running at /Users/andriimain/Desktop/Andrii_Ylookup_Hackathon/encode-hackathon/research/.venv/lib/python3.13/site-packages/tinker/lib/session_futures_poller.py:132> wait_for=<Future pending cb=[Task.task_wakeup()]>>
