replay of E012c-sftC-dev through h4-formulas at 2026-09-05T21:34:02.345626+00:00
254-34   ok
472-15   ok
333-29   ok
66-24    ok
105-24   ok
236-22   ok
343-20   ok
585-41   ok
388-47   ok
463-17   ok
192-22   ok
38823    ok
39667    ok
39903    ok
38703    ok
524-31   ok
47766    ok
47798    ok
42526    ok
510-3    ok
30930    ok
50682    ok
50952    ok
54590    ok
51090    ok
49667    ok
1925     ok
52807    ok
49196    ok
433-47   ok
567-21   ok
177-6    ok
32438    ok
6698     ok
31915    ok
41265    ok
41348    ok
486-17   ok
43589    ok
37554    ok
50193    ok
50811    ok
51556    ok
43436    ok
42930    ok
44266    ok
57590    ok
58701    ok
53383    ok
58147    ok
57033    ok
250-20   ok
51680    ok
43657    ok
55965    ok
37229    ok
58942    ok
35739    ok
15671    ok
290-27   ok
rewritten ok=60 (salvaged=0) error=0
