replay of C24-rsft25 through h4-formulas at 2026-09-05T22:44:23.632722+00:00
105-24   ok
388-47   ok
343-20   ok
192-22   ok
177-6    ok
30930    ok
236-22   ok
38703    ok
250-20   error: no salvageable cell entries in reply
254-34   error: no salvageable cell entries in reply
290-27   ok (salvaged)
486-17   ok
31915    ok
524-31   ok
1925     ok
37554    ok
32438    ok
35739    ok
51680    ok
37229    ok
49667    error: no salvageable cell entries in reply
54590    ok
50193    error: no salvageable cell entries in reply
51090    error: no salvageable cell entries in reply
rewritten ok=19 (salvaged=1) error=5
