replay of H12-R0-canary through h4-formulas at 2026-09-06T02:06:35.027432+00:00
236-22   ok
105-24   ok
192-22   ok
177-6    ok
343-20   ok
388-47   ok
250-20   ok
38703    ok
30930    ok
254-34   error: no salvageable cell entries in reply
290-27   ok (salvaged)
486-17   ok
524-31   ok
31915    ok
1925     ok
49667    error: no salvageable cell entries in reply
50193    error: no salvageable cell entries in reply
51090    error: no salvageable cell entries in reply
54590    ok
37554    ok
51680    ok
37229    ok
35739    ok
32438    ok (salvaged)
rewritten ok=20 (salvaged=2) error=4
