replay of C24-rsft100 through h4-formulas at 2026-09-05T22:43:34.867404+00:00
105-24   ok
343-20   ok
388-47   ok
250-20   ok
177-6    ok
192-22   ok
38703    ok
30930    ok
236-22   ok
290-27   ok (salvaged)
254-34   error: no salvageable cell entries in reply
486-17   ok
31915    ok
54590    ok
524-31   ok
1925     ok
37229    ok
37554    ok
51680    ok
49667    error: no salvageable cell entries in reply
50193    ok (salvaged)
35739    ok
51090    error: no salvageable cell entries in reply
32438    ok
rewritten ok=21 (salvaged=2) error=3
